{
 "luaV_execute": {
  "start": "0x8001bf68",
  "end": "0x8001fe38",
  "insts": 4020,
  "bytes": 16080
 },
 "jump_table": {
  "addr": "0x8005336c",
  "entries": 82,
  "entry_bytes": 4,
  "encoding": "int32 offset relative to table base (target = base + sext(entry))",
  "bound_check": "bltu 81 < (i & 0x7f) -> default",
  "default_target": "0x8001c1e4",
  "distinct_targets": 82,
  "dispatch_jr": "0x8001c008",
  "fetch_head": "0x8001bfe4",
  "fetch_dispatch_insts": 10,
  "jr_sites_in_luaV_execute": 1,
  "note": "OP_EXTRAARG (82) is out of table range -> default target"
 },
 "arms_union_insts": 4001,
 "insts_not_in_any_arm": 19,
 "F1_ops": [
  "OP_MOVE",
  "OP_LOADI",
  "OP_LOADF",
  "OP_LOADK",
  "OP_ADD",
  "OP_ADDI",
  "OP_ADDK",
  "OP_SUB",
  "OP_SUBK",
  "OP_MUL",
  "OP_MULK",
  "OP_MOD",
  "OP_MODK",
  "OP_IDIV",
  "OP_IDIVK",
  "OP_EQ",
  "OP_LT",
  "OP_LE",
  "OP_EQK",
  "OP_EQI",
  "OP_LTI",
  "OP_LEI",
  "OP_GTI",
  "OP_GEI",
  "OP_JMP",
  "OP_TEST",
  "OP_FORPREP",
  "OP_FORLOOP",
  "OP_RETURN0",
  "OP_RETURN1",
  "OP_RETURN",
  "OP_CALL",
  "OP_GETTABUP"
 ],
 "F1_sum_reach": 2028,
 "F1_union_reach": 1901,
 "F1_sum_exclusive": 1812,
 "F1_sum_linear": 463,
 "ops_dispatched_while": [
  "OP_MOVE",
  "OP_LOADI",
  "OP_GETTABUP",
  "OP_ADDI",
  "OP_MODK",
  "OP_ADD",
  "OP_MUL",
  "OP_JMP",
  "OP_EQI",
  "OP_LTI",
  "OP_LEI",
  "OP_GTI",
  "OP_CALL",
  "OP_RETURN",
  "OP_VARARGPREP"
 ],
 "ops_dispatched_union": [
  "OP_MOVE",
  "OP_LOADI",
  "OP_LOADF",
  "OP_LOADK",
  "OP_LOADFALSE",
  "OP_LFALSESKIP",
  "OP_LOADTRUE",
  "OP_LOADNIL",
  "OP_GETUPVAL",
  "OP_SETUPVAL",
  "OP_GETTABUP",
  "OP_GETTABLE",
  "OP_GETI",
  "OP_GETFIELD",
  "OP_SETTABUP",
  "OP_SETTABLE",
  "OP_SETI",
  "OP_SETFIELD",
  "OP_NEWTABLE",
  "OP_SELF",
  "OP_ADDI",
  "OP_ADDK",
  "OP_MULK",
  "OP_MODK",
  "OP_DIVK",
  "OP_IDIVK",
  "OP_ADD",
  "OP_SUB",
  "OP_MUL",
  "OP_MOD",
  "OP_IDIV",
  "OP_MMBIN",
  "OP_MMBINI",
  "OP_UNM",
  "OP_LEN",
  "OP_CONCAT",
  "OP_CLOSE",
  "OP_JMP",
  "OP_EQ",
  "OP_LT",
  "OP_LE",
  "OP_EQK",
  "OP_EQI",
  "OP_LTI",
  "OP_LEI",
  "OP_GTI",
  "OP_GEI",
  "OP_TEST",
  "OP_CALL",
  "OP_TAILCALL",
  "OP_RETURN",
  "OP_RETURN0",
  "OP_RETURN1",
  "OP_FORLOOP",
  "OP_FORPREP",
  "OP_TFORPREP",
  "OP_TFORCALL",
  "OP_SETLIST",
  "OP_CLOSURE",
  "OP_VARARG",
  "OP_VARARGPREP",
  "OP_EXTRAARG"
 ],
 "total_dispatches_while": 671
}
