## per commit (added non-blank non-comment lines)

| commit | subject | gen_lua_arm.py | segment gens | hand Lean (new decls, lines by cluster) |
|---|---|---|---|---|
| 8e30ba2 | A1 pilot: VmRel (Lua/Vm/Sim/Rel.lean) and the dispatch lemma | 0 | 0 | setup-relation/dispatch/entry 197, d-field-arith 96, c-frame 87, a-kernel-inversion 45, d-read-congr 43 |
| c9ba3ef | A1 pilot: generated simulation lemmas for MOVE, LOADI and JMP | 327 | 0 | d-field-arith 14, setup-relation/dispatch/entry 5, d-tactic 4 |
| 3d13575 | A1 pilot: measurements (abstractions/pilot/A1-incumbent.md), PHASES A1 | 0 | 3 | setup-relation/dispatch/entry 3 |
| dd589b5 | A1: prove vmRel_entry (luaV_execute's prologue to the fetch head in Vm | 3 | 0 | setup-relation/dispatch/entry 247 |
| 8a41a25 | A1-incumbent: kernel inversions (opArith, docondjump, forloop) and bra | 0 | 0 | a-kernel-inversion 139, c-frame 121, a-guard 81, d-field-arith 56, a-alu-value 23, d-tactic 7, other 3 |
| 684a56e | A1-incumbent: sim_ADD, sim_EQI, sim_FORLOOP generated by gen_lua_arm.p | 316 | 37 | d-field-arith 8, d-tactic 3 |
| 0647189 | A1: VmRel's memory frame on total reads (bytesT1), .text presence as i | 3 | 0 | d-read-congr 13, c-frame 7, setup-relation/dispatch/entry 5 |
| 564c9c8 | A1: RegsOk (every GPR present, HTIF mailbox idle) in MachineAt and VmR | 18 | 28 | c-regsok 85, setup-relation/dispatch/entry 6 |
| 791175d | A1: sim_SUB (arith template reused: per-arm ALU op and float-test layo | 14 | 1 | a-guard 4, a-alu-value 4 |
| c089fc8 | A1: sim_ADDI; arith template unified over the C operand form (register | 81 | 2 | d-field-arith 14 |
| 81c9439 | A1: the constant array in VmRel (Core.kptr: 0(sp) = k; Complement.kcon | 0 | 0 | setup-relation/dispatch/entry 58, c-frame 4 |
| 57422fb | A1: sim_ADDK, sim_SUBK (arith template: K operand via Core.kconst; the | 46 | 1 | setup-relation/dispatch/entry 12, d-read-congr 5 |
| a7380f0 | A1: sim_BAND, sim_BOR, sim_BXOR (arith template, op_bitwise layout) | 4 | 2 |  |
| 3079c33 | A1: sim_LTI, sim_GTI, sim_LEI, sim_GEI (cmpI template: slt/seqz tests, | 76 | 1 | a-guard 44, a-kernel-inversion 2 |
| c031ca4 | A1: sim_LOADTRUE, sim_LOADFALSE, sim_LFALSESKIP (settag), sim_LOADK (c | 83 | 2 | c-frame 10, a-guard 3 |
| a8957c6 | A1: sim_BNOT | 39 | 1 | a-alu-value 5, c-frame 4 |
| 8358d37 | A1: sim_NOT, sim_TEST, sim_TESTSET (truth template: l_isfalse tag test | 149 | 2 | a-guard 59, a-kernel-inversion 23, c-frame 12, setup-relation/dispatch/entry 5, d-field-arith 1 |
| c090db4 | A1: vmRel_final_Statement (the RETURN* arms are the Final clause of th | 0 | 0 | setup-relation/dispatch/entry 2 |

## per cluster (declarations in introduction order)

| cluster | decls | lines | first-quarter mean | last-quarter mean | examples |
|---|---|---|---|---|---|
| a-alu-value | 4 | 32 | 17.0 | 5.0 | nextjump_pc(17,8a41a25), dec_val(6,8a41a25), alu_val(4,791175d) … alu_val(4,791175d), not_val(5,a8957c6) |
| a-guard | 40 | 191 | 4.3 | 3.7 | ValRepr.ne_float(5,8a41a25), ValRepr.int_of_tag(7,8a41a25), ValRepr.tag_of_int(3,8a41a25) … guard_kb_ne_t(4,8358d37), guard_kb_ne_f(4,8358d37) |
| a-kernel-inversion | 19 | 209 | 8.5 | 18.5 | step_setR(14,8e30ba2), step_jump(12,8e30ba2), opcode_table(2,8e30ba2) … cond_bool(2,3079c33), step_testset(23,8358d37) |
| c-frame | 28 | 245 | 6.9 | 5.3 | getElem_writeMap8(11,8e30ba2), bytesT8_writeMap8(11,8e30ba2), bytesT1_writeMap8_out(3,8e30ba2) … slotStore_copy_tv(9,8358d37), insert_frame(3,8358d37) |
| c-regsok | 10 | 85 | 4.0 | 4.0 | RegsOk(3,564c9c8), Quiet(5,564c9c8), RegsOk.of_step(37,564c9c8) … bnottaken(4,564c9c8), jr(4,564c9c8) |
| d-field-arith | 30 | 189 | 7.3 | 5.1 | extract_sext(7,8e30ba2), sext_toNat_small(5,8e30ba2), shr_lt_two_pow_31(5,8e30ba2) … ld_slot(3,c089fc8), const_one(1,8358d37) |
| d-read-congr | 17 | 61 | 3.2 | 4.5 | slotTag(1,8e30ba2), slotVal(1,8e30ba2), bytesT4_congr(5,8e30ba2) … RodataRead(2,0647189), slot_congrT(5,57422fb) |
| d-tactic | 3 | 14 | 4.0 | 3.0 | arm_arith(4,c9ba3ef), slot_arith(7,8a41a25), len_arith(3,684a56e) … slot_arith(7,8a41a25), len_arith(3,684a56e) |
| other | 1 | 3 | 3.0 | 3.0 | trap_zero(3,8a41a25) … trap_zero(3,8a41a25) |
| setup-relation/dispatch/entry | 54 | 540 | 6.5 | 6.0 | ValRepr(8,8e30ba2), execFrame(1,8e30ba2), RelPtrs(9,8e30ba2) … Core.fetch_of(5,8358d37), vmRel_final_Statement(2,c090db4) |

## all declarations

8e30ba2	Lua/Vm/Sim/Step.lean	step_setR	theorem	14	a-kernel-inversion
8e30ba2	Lua/Vm/Sim/Step.lean	step_jump	theorem	12	a-kernel-inversion
8e30ba2	Lua/Vm/Sim/Step.lean	opcode_table	theorem	2	a-kernel-inversion
8e30ba2	Lua/Vm/Sim/Step.lean	opNum_of_op?	theorem	6	a-kernel-inversion
8e30ba2	Lua/Vm/Sim/Step.lean	supported_regTop	theorem	11	a-kernel-inversion
8e30ba2	Lua/Vm/Sim/Mem.lean	slotTag	def	1	d-read-congr
8e30ba2	Lua/Vm/Sim/Mem.lean	slotVal	def	1	d-read-congr
8e30ba2	Lua/Vm/Sim/Mem.lean	bytesT4_congr	theorem	5	d-read-congr
8e30ba2	Lua/Vm/Sim/Mem.lean	bytesT8_congr	theorem	6	d-read-congr
8e30ba2	Lua/Vm/Sim/Mem.lean	slot_congr	theorem	5	d-read-congr
8e30ba2	Lua/Vm/Sim/Mem.lean	getElem_writeMap8	theorem	11	c-frame
8e30ba2	Lua/Vm/Sim/Mem.lean	bytesT8_writeMap8	theorem	11	c-frame
8e30ba2	Lua/Vm/Sim/Mem.lean	bytesT1_writeMap8_out	theorem	3	c-frame
8e30ba2	Lua/Vm/Sim/Mem.lean	SlotStore	structure	4	c-frame
8e30ba2	Lua/Vm/Sim/Mem.lean	store_sd_sb	theorem	8	c-frame
8e30ba2	Lua/Vm/Sim/Mem.lean	store_sb_sd	theorem	8	c-frame
8e30ba2	Lua/Vm/Sim/Mem.lean	RodataLoaded	abbrev	2	d-read-congr
8e30ba2	Lua/Vm/Sim/Mem.lean	jtByte	def	1	d-read-congr
8e30ba2	Lua/Vm/Sim/Mem.lean	jtWord	def	2	d-read-congr
8e30ba2	Lua/Vm/Sim/Mem.lean	armTarget	def	3	d-read-congr
8e30ba2	Lua/Vm/Sim/Mem.lean	jtWord_eq	theorem	12	d-read-congr
8e30ba2	Lua/Vm/Sim/Mem.lean	armTarget_aligned	theorem	2	d-read-congr
8e30ba2	Lua/Vm/Sim/Mem.lean	armTarget_ne_head	theorem	2	d-read-congr
8e30ba2	Lua/Vm/Sim/Mem.lean	rodata_below_tohost	theorem	1	d-read-congr
8e30ba2	Lua/Vm/Sim/Bits.lean	extract_sext	theorem	7	d-field-arith
8e30ba2	Lua/Vm/Sim/Bits.lean	sext_toNat_small	theorem	5	d-field-arith
8e30ba2	Lua/Vm/Sim/Bits.lean	shr_lt_two_pow_31	theorem	5	d-field-arith
8e30ba2	Lua/Vm/Sim/Bits.lean	opcode_mask	theorem	12	d-field-arith
8e30ba2	Lua/Vm/Sim/Bits.lean	field8	theorem	12	d-field-arith
8e30ba2	Lua/Vm/Sim/Bits.lean	imm12	theorem	7	d-field-arith
8e30ba2	Lua/Vm/Sim/Bits.lean	add_imm	theorem	3	d-field-arith
8e30ba2	Lua/Vm/Sim/Bits.lean	shl_ofNat	theorem	6	d-field-arith
8e30ba2	Lua/Vm/Sim/Bits.lean	sext_add_shr	theorem	14	d-field-arith
8e30ba2	Lua/Vm/Sim/Bits.lean	slot_addr	theorem	8	d-field-arith
8e30ba2	Lua/Vm/Sim/Bits.lean	sdData_sext	theorem	6	d-field-arith
8e30ba2	Lua/Vm/Sim/Bits.lean	stData_zext	theorem	6	d-field-arith
8e30ba2	Lua/Vm/Sim/Bits.lean	ofNat_bias	theorem	5	d-field-arith
8e30ba2	Lua/Vm/Sim/Rel.lean	ValRepr	inductive	8	setup-relation/dispatch/entry
8e30ba2	Lua/Vm/Sim/Rel.lean	execFrame	def	1	setup-relation/dispatch/entry
8e30ba2	Lua/Vm/Sim/Rel.lean	RelPtrs	structure	9	setup-relation/dispatch/entry
8e30ba2	Lua/Vm/Sim/Rel.lean	base	def	1	setup-relation/dispatch/entry
8e30ba2	Lua/Vm/Sim/Rel.lean	slot	def	1	setup-relation/dispatch/entry
8e30ba2	Lua/Vm/Sim/Rel.lean	Win	def	2	setup-relation/dispatch/entry
8e30ba2	Lua/Vm/Sim/Rel.lean	RuntimeMem	structure	5	setup-relation/dispatch/entry
8e30ba2	Lua/Vm/Sim/Rel.lean	Complement	structure	11	setup-relation/dispatch/entry
8e30ba2	Lua/Vm/Sim/Rel.lean	Ranges	structure	17	setup-relation/dispatch/entry
8e30ba2	Lua/Vm/Sim/Rel.lean	Pins	structure	11	setup-relation/dispatch/entry
8e30ba2	Lua/Vm/Sim/Rel.lean	Core	structure	14	setup-relation/dispatch/entry
8e30ba2	Lua/Vm/Sim/Rel.lean	VmRelAt	structure	3	setup-relation/dispatch/entry
8e30ba2	Lua/Vm/Sim/Rel.lean	VmRel	def	1	setup-relation/dispatch/entry
8e30ba2	Lua/Vm/Sim/Rel.lean	ArmAt	structure	5	setup-relation/dispatch/entry
8e30ba2	Lua/Vm/Sim/Rel.lean	Win.above	theorem	5	setup-relation/dispatch/entry
8e30ba2	Lua/Vm/Sim/Rel.lean	Core.fetch	theorem	5	setup-relation/dispatch/entry
8e30ba2	Lua/Vm/Sim/Rel.lean	Core.trap	theorem	3	setup-relation/dispatch/entry
8e30ba2	Lua/Vm/Sim/Rel.lean	output_congr	theorem	3	c-frame
8e30ba2	Lua/Vm/Sim/Rel.lean	Core.write	theorem	30	c-frame
8e30ba2	Lua/Vm/Sim/Rel.lean	Core.jump	theorem	9	c-frame
8e30ba2	Lua/Vm/Sim/Dispatch.lean	pinsHold_get	theorem	5	setup-relation/dispatch/entry
8e30ba2	Lua/Vm/Sim/Dispatch.lean	steps_lt	theorem	4	setup-relation/dispatch/entry
8e30ba2	Lua/Vm/Sim/Dispatch.lean	dispatch	theorem	86	setup-relation/dispatch/entry
c9ba3ef	Lua/Vm/Sim/Bits.lean	slot_toNat	theorem	10	d-field-arith
c9ba3ef	Lua/Vm/Sim/Bits.lean	sdData_id	theorem	4	d-field-arith
c9ba3ef	Lua/Vm/Sim/Bits.lean	arm_arith	macro	4	d-tactic
c9ba3ef	Lua/Vm/Sim/Dispatch.lean	sim_of_run	theorem	5	setup-relation/dispatch/entry
3d13575	Lua/Vm/Sim/Rel.lean	vmRel_entry_Statement	def	3	setup-relation/dispatch/entry
dd589b5	Lua/Vm/Sim/Entry.lean	rdLE_succ	theorem	12	setup-relation/dispatch/entry
dd589b5	Lua/Vm/Sim/Entry.lean	rdLE_spec	theorem	25	setup-relation/dispatch/entry
dd589b5	Lua/Vm/Sim/Entry.lean	bytesT8_of_rd64	theorem	3	setup-relation/dispatch/entry
dd589b5	Lua/Vm/Sim/Entry.lean	bytesT4_of_rd32	theorem	3	setup-relation/dispatch/entry
dd589b5	Lua/Vm/Sim/Entry.lean	rd64_lt	theorem	2	setup-relation/dispatch/entry
dd589b5	Lua/Vm/Sim/Entry.lean	sext64	theorem	2	setup-relation/dispatch/entry
dd589b5	Lua/Vm/Sim/Entry.lean	AgreeOut	def	2	setup-relation/dispatch/entry
dd589b5	Lua/Vm/Sim/Entry.lean	AgreeOut.refl	theorem	1	setup-relation/dispatch/entry
dd589b5	Lua/Vm/Sim/Entry.lean	AgreeOut.writeMap8	theorem	4	setup-relation/dispatch/entry
dd589b5	Lua/Vm/Sim/Entry.lean	AgreeOut.bytesT8	theorem	3	setup-relation/dispatch/entry
dd589b5	Lua/Vm/Sim/Entry.lean	AgreeOut.bytesT4	theorem	3	setup-relation/dispatch/entry
dd589b5	Lua/Vm/Sim/Entry.lean	for	lemma	0	setup-relation/dispatch/entry
dd589b5	Lua/Vm/Sim/Entry.lean	_root_.Lua.Vm.ProtoRepr.code	theorem	9	setup-relation/dispatch/entry
dd589b5	Lua/Vm/Sim/Entry.lean	vmRel_entry	theorem	178	setup-relation/dispatch/entry
8a41a25	Lua/Vm/Sim/Close.lean	ValRepr.ne_float	theorem	5	a-guard
8a41a25	Lua/Vm/Sim/Close.lean	ValRepr.int_of_tag	theorem	7	a-guard
8a41a25	Lua/Vm/Sim/Close.lean	ValRepr.tag_of_int	theorem	3	a-guard
8a41a25	Lua/Vm/Sim/Close.lean	ValRepr.not_int	theorem	3	a-guard
8a41a25	Lua/Vm/Sim/Close.lean	zext_tag_beq	theorem	9	a-guard
8a41a25	Lua/Vm/Sim/Close.lean	const_19	theorem	1	d-field-arith
8a41a25	Lua/Vm/Sim/Close.lean	guard_tag_eq	theorem	3	a-guard
8a41a25	Lua/Vm/Sim/Close.lean	guard_tag_ne	theorem	3	a-guard
8a41a25	Lua/Vm/Sim/Close.lean	guard_tag_bne_t	theorem	3	a-guard
8a41a25	Lua/Vm/Sim/Close.lean	guard_tag_bne_f	theorem	3	a-guard
8a41a25	Lua/Vm/Sim/Close.lean	guard_not_float	theorem	4	a-guard
8a41a25	Lua/Vm/Sim/Close.lean	sext_shr	theorem	9	d-field-arith
8a41a25	Lua/Vm/Sim/Close.lean	field1	theorem	8	d-field-arith
8a41a25	Lua/Vm/Sim/Close.lean	addiw_bias	theorem	4	d-field-arith
8a41a25	Lua/Vm/Sim/Close.lean	ult_one_sub	theorem	11	d-field-arith
8a41a25	Lua/Vm/Sim/Close.lean	bytesT8_at	theorem	2	d-field-arith
8a41a25	Lua/Vm/Sim/Close.lean	bytesT4_at	theorem	2	d-field-arith
8a41a25	Lua/Vm/Sim/Close.lean	pin_eq	theorem	2	c-frame
8a41a25	Lua/Vm/Sim/Close.lean	trap_of_frame	theorem	4	c-frame
8a41a25	Lua/Vm/Sim/Close.lean	trap_zero	theorem	3	other
8a41a25	Lua/Vm/Sim/Close.lean	slot_arith	macro	7	d-tactic
8a41a25	Lua/Vm/Sim/Close.lean	Core.update	theorem	10	c-frame
8a41a25	Lua/Vm/Sim/Close.lean	slotStore_sb_sd	theorem	4	c-frame
8a41a25	Lua/Vm/Sim/Close.lean	slotStore_sb	theorem	6	c-frame
8a41a25	Lua/Vm/Sim/Close.lean	getElem?_insert_out	theorem	3	c-frame
8a41a25	Lua/Vm/Sim/Close.lean	ForStore	structure	9	c-frame
8a41a25	Lua/Vm/Sim/Close.lean	forloop_store	theorem	30	c-frame
8a41a25	Lua/Vm/Sim/Close.lean	kraw_eq	theorem	6	d-field-arith
8a41a25	Lua/Vm/Sim/Close.lean	sbraw_eq	theorem	11	d-field-arith
8a41a25	Lua/Vm/Sim/Close.lean	bitb	theorem	2	d-field-arith
8a41a25	Lua/Vm/Sim/Close.lean	guard_eqk	theorem	10	a-guard
8a41a25	Lua/Vm/Sim/Close.lean	guard_eqk_t	theorem	9	a-guard
8a41a25	Lua/Vm/Sim/Close.lean	guard_eqk_f	theorem	9	a-guard
8a41a25	Lua/Vm/Sim/Close.lean	guard_k	theorem	4	a-guard
8a41a25	Lua/Vm/Sim/Close.lean	nextjump_pc	theorem	17	a-alu-value
8a41a25	Lua/Vm/Sim/Close.lean	guard_zero_t	theorem	3	a-guard
8a41a25	Lua/Vm/Sim/Close.lean	guard_zero_f	theorem	3	a-guard
8a41a25	Lua/Vm/Sim/Close.lean	stData_int	theorem	1	c-frame
8a41a25	Lua/Vm/Sim/Close.lean	dec_val	theorem	6	a-alu-value
8a41a25	Lua/Vm/Sim/Close.lean	step_val	theorem	11	a-kernel-inversion
8a41a25	Lua/Vm/Sim/Close.lean	ForStore.congr	theorem	4	c-frame
8a41a25	Lua/Vm/Sim/Close.lean	ForStore.frame_mo	theorem	9	c-frame
8a41a25	Lua/Vm/Sim/Close.lean	Core.forloop	theorem	39	c-frame
8a41a25	Lua/Vm/Sim/StepK.lean	upd	abbrev	2	a-kernel-inversion
8a41a25	Lua/Vm/Sim/StepK.lean	step_opArith	theorem	30	a-kernel-inversion
8a41a25	Lua/Vm/Sim/StepK.lean	step_condjump	theorem	18	a-kernel-inversion
8a41a25	Lua/Vm/Sim/StepK.lean	cond_int	theorem	3	a-kernel-inversion
8a41a25	Lua/Vm/Sim/StepK.lean	cond_nonint	theorem	3	a-kernel-inversion
8a41a25	Lua/Vm/Sim/StepK.lean	jumpTo_neg	theorem	5	a-kernel-inversion
8a41a25	Lua/Vm/Sim/StepK.lean	jumpTo_eq	theorem	6	a-kernel-inversion
8a41a25	Lua/Vm/Sim/StepK.lean	mapM1	theorem	6	a-kernel-inversion
8a41a25	Lua/Vm/Sim/StepK.lean	mapM2	theorem	6	a-kernel-inversion
8a41a25	Lua/Vm/Sim/StepK.lean	mapM3	theorem	7	a-kernel-inversion
8a41a25	Lua/Vm/Sim/StepK.lean	step_forloop	theorem	42	a-kernel-inversion
684a56e	Lua/Vm/Sim/Close.lean	and255	theorem	6	d-field-arith
684a56e	Lua/Vm/Sim/Close.lean	sext64_id	theorem	2	d-field-arith
684a56e	Lua/Vm/Sim/Close.lean	len_arith	macro	3	d-tactic
0647189	Lua/Vm/Sim/Mem.lean	bytesT4_congrT	theorem	5	d-read-congr
0647189	Lua/Vm/Sim/Mem.lean	bytesT8_congrT	theorem	6	d-read-congr
0647189	Lua/Vm/Sim/Mem.lean	RodataRead	def	2	d-read-congr
0647189	Lua/Vm/Sim/Rel.lean	Core.rodata	theorem	5	setup-relation/dispatch/entry
0647189	Lua/Vm/Sim/Rel.lean	Core.text_of	theorem	4	c-frame
0647189	Lua/Vm/Sim/Rel.lean	Core.frame_of	theorem	3	c-frame
564c9c8	Lua/Vm/Sim/Rel.lean	ArmPay	abbrev	2	setup-relation/dispatch/entry
564c9c8	Lua/Vm/Sim/Rel.lean	_root_.Vsa.Sim.SegSt.armText	theorem	1	setup-relation/dispatch/entry
564c9c8	Lua/Vm/Sim/Rel.lean	_root_.Vsa.Sim.SegSt.armMem	theorem	1	setup-relation/dispatch/entry
564c9c8	Lua/Vm/Sim/Rel.lean	_root_.Vsa.Sim.SegSt.armOut	theorem	1	setup-relation/dispatch/entry
564c9c8	Lua/Vm/Sim/Rel.lean	_root_.Vsa.Sim.SegSt.armOk	theorem	1	setup-relation/dispatch/entry
564c9c8	Lua/Vm/RegsOk.lean	RegsOk	structure	3	c-regsok
564c9c8	Lua/Vm/RegsOk.lean	Quiet	abbrev	5	c-regsok
564c9c8	Lua/Vm/RegsOk.lean	RegsOk.of_step	theorem	37	c-regsok
564c9c8	Lua/Vm/Arms/RegsOk.lean	isSome_of	theorem	4	c-regsok
564c9c8	Lua/Vm/Arms/RegsOk.lean	alu	theorem	10	c-regsok
564c9c8	Lua/Vm/Arms/RegsOk.lean	jal	theorem	10	c-regsok
564c9c8	Lua/Vm/Arms/RegsOk.lean	store	theorem	4	c-regsok
564c9c8	Lua/Vm/Arms/RegsOk.lean	btaken	theorem	4	c-regsok
564c9c8	Lua/Vm/Arms/RegsOk.lean	bnottaken	theorem	4	c-regsok
564c9c8	Lua/Vm/Arms/RegsOk.lean	jr	theorem	4	c-regsok
791175d	Lua/Vm/Sim/Close.lean	guard_not_float_f	theorem	4	a-guard
791175d	Lua/Vm/Sim/Close.lean	alu_val	theorem	4	a-alu-value
c089fc8	Lua/Vm/Sim/Close.lean	scraw_eq	theorem	11	d-field-arith
c089fc8	Lua/Vm/Sim/Close.lean	ld_slot	theorem	3	d-field-arith
81c9439	Lua/Vm/Sim/Rel.lean	Slots	def	2	setup-relation/dispatch/entry
81c9439	Lua/Vm/Sim/Rel.lean	Win.of_slots	theorem	1	setup-relation/dispatch/entry
81c9439	Lua/Vm/Sim/Rel.lean	Core.kptr_of	theorem	4	c-frame
81c9439	Lua/Vm/Sim/Entry.lean	bytesT1_of_rd8	theorem	7	setup-relation/dispatch/entry
81c9439	Lua/Vm/Sim/Entry.lean	slotTag_of_tagAt	theorem	2	setup-relation/dispatch/entry
81c9439	Lua/Vm/Sim/Entry.lean	slotVal_of_rd64	theorem	2	setup-relation/dispatch/entry
81c9439	Lua/Vm/Sim/Entry.lean	_root_.Lua.Vm.TValueRepr.valRepr	theorem	19	setup-relation/dispatch/entry
81c9439	Lua/Vm/Sim/Entry.lean	_root_.Lua.Vm.ConstRepr.valRepr	theorem	11	setup-relation/dispatch/entry
81c9439	Lua/Vm/Sim/Entry.lean	_root_.Lua.Vm.ProtoRepr.kArr	theorem	14	setup-relation/dispatch/entry
57422fb	Lua/Vm/Sim/Mem.lean	slot_congrT	theorem	5	d-read-congr
57422fb	Lua/Vm/Sim/Rel.lean	kval_lt	theorem	4	setup-relation/dispatch/entry
57422fb	Lua/Vm/Sim/Rel.lean	Core.kconst	theorem	8	setup-relation/dispatch/entry
3079c33	Lua/Vm/Sim/Close.lean	guard_kf	theorem	8	a-guard
3079c33	Lua/Vm/Sim/Close.lean	guard_kf_ne	theorem	7	a-guard
3079c33	Lua/Vm/Sim/Close.lean	guard_kf_t	theorem	5	a-guard
3079c33	Lua/Vm/Sim/Close.lean	guard_kf_f	theorem	5	a-guard
3079c33	Lua/Vm/Sim/Close.lean	guard_kf_ne_t	theorem	5	a-guard
3079c33	Lua/Vm/Sim/Close.lean	guard_kf_ne_f	theorem	5	a-guard
3079c33	Lua/Vm/Sim/Close.lean	mb_lt	theorem	2	a-guard
3079c33	Lua/Vm/Sim/Close.lean	mb_nlt	theorem	7	a-guard
3079c33	Lua/Vm/Sim/StepK.lean	cond_bool	theorem	2	a-kernel-inversion
c031ca4	Lua/Vm/Sim/Close.lean	slotStore_copy	theorem	10	c-frame
c031ca4	Lua/Vm/Sim/Close.lean	ValRepr.bool_of	theorem	3	a-guard
a8957c6	Lua/Vm/Sim/Close.lean	slotStore_sd_sb	theorem	4	c-frame
a8957c6	Lua/Vm/Sim/Close.lean	not_val	theorem	5	a-alu-value
8358d37	Lua/Vm/Sim/Close.lean	slotStore_copy_tv	theorem	9	c-frame
8358d37	Lua/Vm/Sim/Close.lean	ValRepr.false_of_tag	theorem	7	a-guard
8358d37	Lua/Vm/Sim/Close.lean	ValRepr.isFalse_of_ne	theorem	9	a-guard
8358d37	Lua/Vm/Sim/Close.lean	const_one	theorem	1	d-field-arith
8358d37	Lua/Vm/Sim/Close.lean	guard_false_t	theorem	3	a-guard
8358d37	Lua/Vm/Sim/Close.lean	guard_false_f	theorem	3	a-guard
8358d37	Lua/Vm/Sim/Close.lean	nibble_beq	theorem	3	a-guard
8358d37	Lua/Vm/Sim/Close.lean	nibble_snez	theorem	3	a-guard
8358d37	Lua/Vm/Sim/Close.lean	nibble_seqz	theorem	3	a-guard
8358d37	Lua/Vm/Sim/Close.lean	guard_nil_t	theorem	4	a-guard
8358d37	Lua/Vm/Sim/Close.lean	guard_nil_f	theorem	4	a-guard
8358d37	Lua/Vm/Sim/Close.lean	snez_tag	theorem	4	a-guard
8358d37	Lua/Vm/Sim/Close.lean	seqz_tag	theorem	4	a-guard
8358d37	Lua/Vm/Sim/Close.lean	tag_false_bit	theorem	4	a-guard
8358d37	Lua/Vm/Sim/Close.lean	guard_kb_ne_t	theorem	4	a-guard
8358d37	Lua/Vm/Sim/Close.lean	guard_kb_ne_f	theorem	4	a-guard
8358d37	Lua/Vm/Sim/StepK.lean	step_testset	theorem	23	a-kernel-inversion
8358d37	Lua/Vm/Sim/Rel.lean	Core.fetch_of	theorem	5	setup-relation/dispatch/entry
8358d37	Lua/Vm/Sim/Rel.lean	insert_frame	theorem	3	c-frame
c090db4	Lua/Vm/Sim/Rel.lean	vmRel_final_Statement	def	2	setup-relation/dispatch/entry
