OP_EQ        seg_8001c690_8001c6c4 -> luaV_equalobj (return 0x8001c6c4, 1 path(s))
    need  ['x2', 'x3', 'x8', 'x9', 'x18', 'x19', 'x20', 'x21', 'x23', 'x24', 'x25', 'x27']
    hand  = need
OP_EQK       seg_8001c850_8001c87c -> luaV_equalobj (return 0x8001c87c, 1 path(s))
    need  ['x2', 'x3', 'x8', 'x9', 'x18', 'x19', 'x20', 'x21', 'x23', 'x24', 'x25', 'x27']
    hand  = need
OP_FORPREP   seg_8001e1f0_8001e200 -> luaV_tointeger (return 0x8001e200, 1 path(s))
    need  ['x2', 'x3', 'x8', 'x9', 'x18', 'x19', 'x20', 'x21', 'x22', 'x23', 'x24', 'x25', 'x26', 'x27']
    hand  = need
    x22  in-arm: (sign_extend (m := 64) (bytesT8 (writeMap8 (writeMap8 (writeMap8 (writeMap8 (M5) ((v23 + sign_extend (m := 64) (0x020#12)).toNat) (sdData_val v19)) ((v8 + si...
    x26  in-arm: (sign_extend (m := 64) (bytesT8 (writeMap8 (writeMap8 (M5) ((v23 + sign_extend (m := 64) (0x020#12)).toNat) (sdData_val v19)) ((v8 + sign_extend (m := 64) (0...
    x27  in-arm: ((v25 + (shift_bits_left ((sign_extend (m := 64) (shift_bits_right (Sail.BitVec.extractLsb v20 31 0) (0x07#5))) &&& sign_extend (m := 64) (0x0ff#12)) (Sail.B...
OP_FORPREP   seg_8001f860_8001f870 -> __hidden___udivdi3 (return 0x8001f870, 1 path(s))
    need  ['x2', 'x3', 'x8', 'x9', 'x18', 'x19', 'x20', 'x21', 'x23', 'x24', 'x25', 'x27']
    hand  ['x2', 'x3', 'x8', 'x9', 'x18', 'x19', 'x20', 'x21', 'x22', 'x23', 'x24', 'x25', 'x26', 'x27']   SURPLUS ['x22', 'x26']
    x27  in-arm: ((v25 + (shift_bits_left ((sign_extend (m := 64) (shift_bits_right (Sail.BitVec.extractLsb v20 31 0) (0x07#5))) &&& sign_extend (m := 64) (0x0ff#12)) (Sail.B...
OP_FORPREP   seg_8001f9a4_8001f9b4 -> luaV_tointeger (return 0x8001f9b4, 1 path(s))
    need  ['x2', 'x3', 'x8', 'x9', 'x18', 'x19', 'x20', 'x21', 'x22', 'x23', 'x24', 'x25', 'x26', 'x27']
    hand  = need
    x22  in-arm: (sign_extend (m := 64) (bytesT8 (writeMap8 (writeMap8 (writeMap8 (writeMap8 (M5) ((v23 + sign_extend (m := 64) (0x020#12)).toNat) (sdData_val v19)) ((v8 + si...
    x26  in-arm: (sign_extend (m := 64) (bytesT8 (writeMap8 (writeMap8 (M5) ((v23 + sign_extend (m := 64) (0x020#12)).toNat) (sdData_val v19)) ((v8 + sign_extend (m := 64) (0...
    x27  in-arm: ((v25 + (shift_bits_left ((sign_extend (m := 64) (shift_bits_right (Sail.BitVec.extractLsb v20 31 0) (0x07#5))) &&& sign_extend (m := 64) (0x0ff#12)) (Sail.B...
OP_FORPREP   seg_8001fa80_8001fa90 -> __hidden___udivdi3 (return 0x8001fa90, 1 path(s))
    need  ['x2', 'x3', 'x8', 'x9', 'x18', 'x19', 'x20', 'x21', 'x23', 'x24', 'x25', 'x27']
    hand  ['x2', 'x3', 'x8', 'x9', 'x18', 'x19', 'x20', 'x21', 'x22', 'x23', 'x24', 'x25', 'x26', 'x27']   SURPLUS ['x22', 'x26']
    x27  in-arm: ((v25 + (shift_bits_left ((sign_extend (m := 64) (shift_bits_right (Sail.BitVec.extractLsb v20 31 0) (0x07#5))) &&& sign_extend (m := 64) (0x0ff#12)) (Sail.B...
OP_IDIV      seg_8001f734_8001f740 -> __divdi3 (return 0x8001f740, 1 path(s))
    need  ['x2', 'x3', 'x8', 'x9', 'x18', 'x19', 'x20', 'x21', 'x22', 'x23', 'x24', 'x25', 'x27']
    hand  ['x2', 'x3', 'x8', 'x9', 'x18', 'x19', 'x20', 'x21', 'x22', 'x23', 'x24', 'x25', 'x26', 'x27']   SURPLUS ['x26']
    x19  in-arm: (sign_extend (m := 64) (bytesT8 (writeMap8 (writeMap8 (writeMap8 (writeMap8 (m0) ((v23 + sign_extend (m := 64) (0x020#12)).toNat) (sdData_val v19)) ((v8 + si...
    x20  in-arm: (sign_extend (m := 64) (bytesT8 (writeMap8 (writeMap8 (writeMap8 (writeMap8 (m0) ((v23 + sign_extend (m := 64) (0x020#12)).toNat) (sdData_val v19)) ((v8 + si...
    x22  in-arm: (v25 + (shift_bits_left ((sign_extend (m := 64) (shift_bits_right (Sail.BitVec.extractLsb v20 31 0) (0x07#5))) &&& sign_extend (m := 64) (0x0ff#12)) (Sail.Bi...
OP_IDIV      seg_8001f95c_8001f968 -> __moddi3 (return 0x8001f968, 1 path(s))
    need  ['x2', 'x3', 'x8', 'x9', 'x18', 'x19', 'x20', 'x21', 'x22', 'x23', 'x24', 'x25', 'x26', 'x27']
    hand  = need
    x19  in-arm: (sign_extend (m := 64) (bytesT8 (writeMap8 (writeMap8 (writeMap8 (writeMap8 (Mret___divdi3) ((v23 + sign_extend (m := 64) (0x020#12)).toNat) (sdData_val v19)...
    x20  in-arm: (sign_extend (m := 64) (bytesT8 (writeMap8 (writeMap8 (writeMap8 (writeMap8 (Mret___divdi3) ((v23 + sign_extend (m := 64) (0x020#12)).toNat) (sdData_val v19)...
    x22  in-arm: (v25 + (shift_bits_left ((sign_extend (m := 64) (shift_bits_right (Sail.BitVec.extractLsb v20 31 0) (0x07#5))) &&& sign_extend (m := 64) (0x0ff#12)) (Sail.Bi...
    x26  in-arm: (ret___divdi3_x10 + sign_extend (m := 64) (0x000#12))
OP_IDIVK     seg_8001f774_8001f780 -> __divdi3 (return 0x8001f780, 1 path(s))
    need  ['x2', 'x3', 'x8', 'x9', 'x18', 'x19', 'x20', 'x21', 'x22', 'x23', 'x24', 'x25', 'x27']
    hand  ['x2', 'x3', 'x8', 'x9', 'x18', 'x19', 'x20', 'x21', 'x22', 'x23', 'x24', 'x25', 'x26', 'x27']   SURPLUS ['x26']
    x19  in-arm: (sign_extend (m := 64) (bytesT8 (writeMap8 (writeMap8 (writeMap8 (writeMap8 (m0) ((v23 + sign_extend (m := 64) (0x020#12)).toNat) (sdData_val v19)) ((v8 + si...
    x20  in-arm: (sign_extend (m := 64) (bytesT8 (writeMap8 (writeMap8 (writeMap8 (writeMap8 (m0) ((v23 + sign_extend (m := 64) (0x020#12)).toNat) (sdData_val v19)) ((v8 + si...
    x22  in-arm: (v25 + (shift_bits_left ((sign_extend (m := 64) (shift_bits_right (Sail.BitVec.extractLsb v20 31 0) (0x07#5))) &&& sign_extend (m := 64) (0x0ff#12)) (Sail.Bi...
OP_IDIVK     seg_8001f944_8001f950 -> __moddi3 (return 0x8001f950, 1 path(s))
    need  ['x2', 'x3', 'x8', 'x9', 'x18', 'x19', 'x20', 'x21', 'x22', 'x23', 'x24', 'x25', 'x26', 'x27']
    hand  = need
    x19  in-arm: (sign_extend (m := 64) (bytesT8 (writeMap8 (writeMap8 (writeMap8 (writeMap8 (Mret___divdi3) ((v23 + sign_extend (m := 64) (0x020#12)).toNat) (sdData_val v19)...
    x20  in-arm: (sign_extend (m := 64) (bytesT8 (writeMap8 (writeMap8 (writeMap8 (writeMap8 (Mret___divdi3) ((v23 + sign_extend (m := 64) (0x020#12)).toNat) (sdData_val v19)...
    x22  in-arm: (v25 + (shift_bits_left ((sign_extend (m := 64) (shift_bits_right (Sail.BitVec.extractLsb v20 31 0) (0x07#5))) &&& sign_extend (m := 64) (0x0ff#12)) (Sail.Bi...
    x26  in-arm: (ret___divdi3_x10 + sign_extend (m := 64) (0x000#12))
OP_MOD       seg_8001f7f0_8001f7fc -> __moddi3 (return 0x8001f7fc, 1 path(s))
    need  ['x2', 'x3', 'x8', 'x9', 'x18', 'x19', 'x20', 'x21', 'x22', 'x23', 'x24', 'x25', 'x26', 'x27']
    hand  = need
    x22  in-arm: (v25 + (shift_bits_left ((sign_extend (m := 64) (shift_bits_right (Sail.BitVec.extractLsb v20 31 0) (0x07#5))) &&& sign_extend (m := 64) (0x0ff#12)) (Sail.Bi...
    x26  in-arm: (sign_extend (m := 64) (bytesT8 (writeMap8 (writeMap8 (writeMap8 (writeMap8 (m0) ((v23 + sign_extend (m := 64) (0x020#12)).toNat) (sdData_val v19)) ((v8 + si...
OP_MODK      seg_8001f7b0_8001f7bc -> __moddi3 (return 0x8001f7bc, 1 path(s))
    need  ['x2', 'x3', 'x8', 'x9', 'x18', 'x19', 'x20', 'x21', 'x22', 'x23', 'x24', 'x25', 'x26', 'x27']
    hand  = need
    x22  in-arm: (v25 + (shift_bits_left ((sign_extend (m := 64) (shift_bits_right (Sail.BitVec.extractLsb v20 31 0) (0x07#5))) &&& sign_extend (m := 64) (0x0ff#12)) (Sail.Bi...
    x26  in-arm: (sign_extend (m := 64) (bytesT8 (writeMap8 (writeMap8 (writeMap8 (writeMap8 (m0) ((v23 + sign_extend (m := 64) (0x020#12)).toNat) (sdData_val v19)) ((v8 + si...
OP_MUL       seg_8001f088_8001f098 -> __muldi3 (return 0x8001f098, 1 path(s))
    need  ['x2', 'x3', 'x8', 'x9', 'x18', 'x19', 'x20', 'x21', 'x22', 'x23', 'x24', 'x25', 'x27']
    hand  ['x2', 'x3', 'x8', 'x9', 'x18', 'x19', 'x20', 'x21', 'x22', 'x23', 'x24', 'x25', 'x26', 'x27']   SURPLUS ['x26']
    x22  in-arm: (v25 + (shift_bits_left ((sign_extend (m := 64) (shift_bits_right (Sail.BitVec.extractLsb v20 31 0) (0x07#5))) &&& sign_extend (m := 64) (0x0ff#12)) (Sail.Bi...
    x27  in-arm: (v27 + sign_extend (m := 64) (0x008#12))
OP_MULK      seg_8001effc_8001f00c -> __muldi3 (return 0x8001f00c, 1 path(s))
    need  ['x2', 'x3', 'x8', 'x9', 'x18', 'x19', 'x20', 'x21', 'x22', 'x23', 'x24', 'x25', 'x27']
    hand  ['x2', 'x3', 'x8', 'x9', 'x18', 'x19', 'x20', 'x21', 'x22', 'x23', 'x24', 'x25', 'x26', 'x27']   SURPLUS ['x26']
    x22  in-arm: (v25 + (shift_bits_left ((sign_extend (m := 64) (shift_bits_right (Sail.BitVec.extractLsb v20 31 0) (0x07#5))) &&& sign_extend (m := 64) (0x0ff#12)) (Sail.Bi...
    x27  in-arm: (v27 + sign_extend (m := 64) (0x008#12))

14 call sites; 6 with hand != need
