f4_strlite: steps=236227 heads=110 load_mismatch=0 strings_seen=31 long_seen=0 out_bytes=98 term_bad=0 overlap_win=0 gc_stores=10 body_hits=0 header_hits=0 wall_s=8.3
  control: creation store x88: op=boot fn=internshrstr
  control: creation store x51: op=boot fn=luaC_newobj
  control: creation store x50: op=CONCAT fn=internshrstr
  control: creation store x44: op=boot fn=memcpy
  control: creation store x35: op=CONCAT fn=memcpy
  control: creation store x30: op=CONCAT fn=luaC_newobj
  control: creation store x10: op=boot fn=luaH_newkey
  control: creation store x10: op=CALL fn=internshrstr
  control: creation store x6: op=CALL fn=luaC_newobj
  control: creation store x4: op=boot fn=memset
  control: creation store x4: op=boot fn=_malloc_r
  control: creation store x4: op=boot fn=tablerehash
  control: creation store x2: op=boot fn=luaH_resize
  control: creation store x2: op=CALL fn=memcpy
print_print: steps=188129 heads=8 load_mismatch=0 strings_seen=4 long_seen=0 out_bytes=32 term_bad=0 overlap_win=0 gc_stores=8 body_hits=0 header_hits=0 wall_s=6.5
  control: creation store x18: op=boot fn=internshrstr
  control: creation store x14: op=boot fn=memcpy
  control: creation store x10: op=boot fn=luaH_newkey
  control: creation store x9: op=boot fn=luaC_newobj
  control: creation store x4: op=boot fn=memset
  control: creation store x4: op=boot fn=_malloc_r
  control: creation store x2: op=boot fn=luaH_resize
  control: creation store x1: op=boot fn=tablerehash
f1_src: steps=221516 heads=265 load_mismatch=0 strings_seen=12 long_seen=0 out_bytes=48 term_bad=0 overlap_win=0 gc_stores=10 body_hits=0 header_hits=0 wall_s=8.0
  control: creation store x28: op=boot fn=internshrstr
  control: creation store x25: op=CALL fn=internshrstr
  control: creation store x24: op=boot fn=memcpy
  control: creation store x15: op=boot fn=luaC_newobj
  control: creation store x15: op=CALL fn=luaC_newobj
  control: creation store x10: op=boot fn=luaH_newkey
  control: creation store x7: op=CALL fn=memcpy
  control: creation store x4: op=boot fn=memset
  control: creation store x4: op=boot fn=_malloc_r
  control: creation store x3: op=boot fn=tablerehash
  control: creation store x2: op=boot fn=luaH_resize
f4_strings: steps=282828 heads=153 load_mismatch=0 strings_seen=73 long_seen=0 out_bytes=231 term_bad=0 overlap_win=0 gc_stores=10 body_hits=0 header_hits=0 wall_s=14.4
  control: creation store x253: op=boot fn=internshrstr
  control: creation store x174: op=boot fn=memcpy
  control: creation store x150: op=boot fn=luaC_newobj
  control: creation store x75: op=CALL fn=internshrstr
  control: creation store x58: op=CALL fn=memcpy
  control: creation store x45: op=CALL fn=luaC_newobj
  control: creation store x25: op=boot fn=luaH_newkey
  control: creation store x20: op=CONCAT fn=internshrstr
  control: creation store x19: op=boot fn=tablerehash
  control: creation store x13: op=CONCAT fn=memcpy
  control: creation store x12: op=CONCAT fn=luaC_newobj
  control: creation store x10: op=TFORCALL fn=internshrstr
  control: creation store x8: op=boot fn=_malloc_r
  control: creation store x8: op=boot fn=luaH_resize
  control: creation store x8: op=TFORCALL fn=memcpy
  control: creation store x6: op=TFORCALL fn=luaC_newobj
  control: creation store x5: op=TFORPREP fn=internshrstr
  control: creation store x4: op=boot fn=memset
  control: creation store x3: op=TFORPREP fn=luaC_newobj
  control: creation store x3: op=TFORPREP fn=memcpy
f1_arith: steps=317386 heads=374 load_mismatch=0 strings_seen=13 long_seen=0 out_bytes=219 term_bad=0 overlap_win=0 gc_stores=10 body_hits=0 header_hits=0 wall_s=16.7
  control: creation store x33: op=boot fn=internshrstr
  control: creation store x28: op=boot fn=memcpy
  control: creation store x20: op=CALL fn=internshrstr
  control: creation store x19: op=CALL fn=memcpy
  control: creation store x18: op=boot fn=luaC_newobj
  control: creation store x16: op=boot fn=luaH_newkey
  control: creation store x12: op=CALL fn=luaC_newobj
  control: creation store x6: op=boot fn=_malloc_r
  control: creation store x4: op=boot fn=memset
  control: creation store x4: op=boot fn=tablerehash
  control: creation store x4: op=boot fn=luaH_resize
f4_objects: steps=288472 heads=226 load_mismatch=0 strings_seen=35 long_seen=1 out_bytes=88 term_bad=0 overlap_win=0 gc_stores=12 body_hits=0 header_hits=0 wall_s=12.9
  control: creation store x134: op=boot fn=memcpy
  control: creation store x93: op=boot fn=internshrstr
  control: creation store x57: op=boot fn=luaC_newobj
  control: creation store x35: op=TFORCALL fn=internshrstr
  control: creation store x29: op=boot fn=luaH_newkey
  control: creation store x29: op=TFORCALL fn=memcpy
  control: creation store x21: op=TFORCALL fn=luaC_newobj
  control: creation store x11: op=boot fn=tablerehash
  control: creation store x10: op=boot fn=luaH_resize
  control: creation store x10: op=CONCAT fn=internshrstr
  control: creation store x10: op=CONCAT fn=memcpy
  control: creation store x6: op=boot fn=_malloc_r
  control: creation store x6: op=CONCAT fn=luaC_newobj
  control: creation store x5: op=TFORPREP fn=internshrstr
  control: creation store x4: op=boot fn=luaS_createlngstrobj
  control: creation store x4: op=boot fn=memset
  control: creation store x4: op=boot fn=_free_r
  control: creation store x3: op=TFORPREP fn=luaC_newobj
  control: creation store x3: op=TFORPREP fn=memcpy
  control: creation store x2: op=boot fn=luaC_fix
f2_tablelib: steps=256973 heads=142 load_mismatch=0 strings_seen=23 long_seen=0 out_bytes=72 term_bad=0 overlap_win=0 gc_stores=10 body_hits=0 header_hits=0 wall_s=9.6
  control: creation store x83: op=boot fn=internshrstr
  control: creation store x68: op=boot fn=memcpy
  control: creation store x48: op=boot fn=luaC_newobj
  control: creation store x25: op=CALL fn=internshrstr
  control: creation store x24: op=CALL fn=memcpy
  control: creation store x15: op=CALL fn=luaC_newobj
  control: creation store x11: op=boot fn=tablerehash
  control: creation store x10: op=boot fn=luaH_newkey
  control: creation store x4: op=boot fn=memset
  control: creation store x4: op=boot fn=_malloc_r
  control: creation store x2: op=boot fn=luaH_resize
f4_metatables: steps=275221 heads=197 load_mismatch=0 strings_seen=49 long_seen=0 out_bytes=61 term_bad=0 overlap_win=0 gc_stores=12 body_hits=0 header_hits=0 wall_s=9.6
  control: creation store x148: op=boot fn=internshrstr
  control: creation store x118: op=boot fn=memcpy
  control: creation store x87: op=boot fn=luaC_newobj
  control: creation store x50: op=CONCAT fn=internshrstr
  control: creation store x34: op=boot fn=luaH_newkey
  control: creation store x30: op=CONCAT fn=luaC_newobj
  control: creation store x26: op=CONCAT fn=memcpy
  control: creation store x20: op=boot fn=tablerehash
  control: creation store x18: op=boot fn=luaC_fix
  control: creation store x12: op=boot fn=luaH_resize
  control: creation store x10: op=CALL fn=internshrstr
  control: creation store x8: op=boot fn=_malloc_r
  control: creation store x8: op=CONCAT fn=_malloc_r
  control: creation store x6: op=CALL fn=luaC_newobj
  control: creation store x5: op=CALL fn=memcpy
  control: creation store x4: op=boot fn=memset
  control: creation store x2: op=boot fn=_free_r
  control: creation store x2: op=CALL fn=_malloc_r
f1_cond: steps=401320 heads=4779 load_mismatch=0 strings_seen=9 long_seen=0 out_bytes=37 term_bad=0 overlap_win=0 gc_stores=8 body_hits=0 header_hits=0 wall_s=13.2
  control: creation store x28: op=boot fn=internshrstr
  control: creation store x24: op=boot fn=memcpy
  control: creation store x15: op=boot fn=luaC_newobj
  control: creation store x15: op=CALL fn=internshrstr
  control: creation store x10: op=boot fn=luaH_newkey
  control: creation store x9: op=CALL fn=luaC_newobj
  control: creation store x5: op=CALL fn=memcpy
  control: creation store x4: op=boot fn=memset
  control: creation store x4: op=boot fn=_malloc_r
  control: creation store x3: op=boot fn=tablerehash
  control: creation store x2: op=boot fn=luaH_resize
l4str_fullgc: steps=218361 heads=31 load_mismatch=0 strings_seen=15 long_seen=2 out_bytes=56 term_bad=0 overlap_win=0 gc_stores=1158 body_hits=0 header_hits=41 wall_s=7.6
  header store x20: op=CALL fn=reallymarkobject offset=+9
  header store x18: op=CALL fn=sweepstep.constprop.0 offset=+9
  header store x2: op=CALL fn=entersweep offset=+9
  header store x1: op=CALL fn=sweepstep.constprop.0 offset=+0
  control: creation store x58: op=boot fn=internshrstr
  control: creation store x49: op=boot fn=memcpy
  control: creation store x33: op=boot fn=luaC_newobj
  control: creation store x24: op=CALL fn=memcpy
  control: creation store x10: op=boot fn=luaH_newkey
  control: creation store x10: op=CONCAT fn=internshrstr
  control: creation store x8: op=CALL fn=luaS_newlstr
  control: creation store x6: op=boot fn=tablerehash
  control: creation store x6: op=CALL fn=luaC_newobj
  control: creation store x6: op=CONCAT fn=luaC_newobj
  control: creation store x4: op=boot fn=memset
  control: creation store x4: op=boot fn=_malloc_r
  control: creation store x3: op=CONCAT fn=memcpy
  control: creation store x2: op=boot fn=luaH_resize
l4str_gc: steps=6165397 heads=21122 load_mismatch=0 strings_seen=6011 long_seen=1 out_bytes=110 term_bad=0 overlap_win=0 gc_stores=208 body_hits=0 header_hits=35 wall_s=217.2
  header store x35: op=CONCAT fn=tablerehash offset=+16
  control: creation store x30000: op=CONCAT fn=internshrstr
  control: creation store x24786: op=CONCAT fn=memcpy
  control: creation store x18000: op=CONCAT fn=luaC_newobj
  control: creation store x1323: op=CONCAT fn=_malloc_r
  control: creation store x116: op=boot fn=memcpy
  control: creation store x53: op=boot fn=internshrstr
  control: creation store x33: op=boot fn=luaC_newobj
  control: creation store x10: op=boot fn=luaH_newkey
  control: creation store x10: op=CONCAT fn=_free_r
  control: creation store x5: op=boot fn=tablerehash
  control: creation store x4: op=boot fn=luaS_createlngstrobj
  control: creation store x4: op=boot fn=memset
  control: creation store x4: op=boot fn=_malloc_r
  control: creation store x2: op=boot fn=luaH_resize
